  Determining projects to restore...
  All projects are up-to-date for restore.
  OCC.Shared -> C:\Users\Neil\source\repos\NeilKetting\OCC\OCC.Shared\bin\Debug\net9.0\OCC.Shared.dll
C:\Users\Neil\source\repos\NeilKetting\OCC\OCC.Client\OCC.WpfClient\Features\ProjectHub\Views\ProjectDetailView.xaml(27,117): error MC3072: The property 'LetterSpacing' does not exist in XML namespace 'http://schemas.microsoft.com/winfx/2006/xaml/presentation'. Line 27 Position 117. [C:\Users\Neil\source\repos\NeilKetting\OCC\OCC.Client\OCC.WpfClient\OCC.WpfClient.csproj]
C:\Users\Neil\source\repos\NeilKetting\OCC\OCC.Client\OCC.WpfClient\Features\ProjectHub\Views\ProjectSpecificDashboardView.xaml(18,128): error MC3072: The property 'LetterSpacing' does not exist in XML namespace 'http://schemas.microsoft.com/winfx/2006/xaml/presentation'. Line 18 Position 128. [C:\Users\Neil\source\repos\NeilKetting\OCC\OCC.Client\OCC.WpfClient\OCC.WpfClient.csproj]
C:\Users\Neil\source\repos\NeilKetting\OCC\OCC.Client\OCC.WpfClient\Features\ProjectHub\Views\ProjectsView.xaml(142,38): error MC4004: Style cannot contain child 'MouseBinding'. Style child must be a Setter because it is added to the Setters collection. Line 142 Position 38. [C:\Users\Neil\source\repos\NeilKetting\OCC\OCC.Client\OCC.WpfClient\OCC.WpfClient.csproj]

Build FAILED.

C:\Users\Neil\source\repos\NeilKetting\OCC\OCC.Client\OCC.WpfClient\Features\ProjectHub\Views\ProjectDetailView.xaml(27,117): error MC3072: The property 'LetterSpacing' does not exist in XML namespace 'http://schemas.microsoft.com/winfx/2006/xaml/presentation'. Line 27 Position 117. [C:\Users\Neil\source\repos\NeilKetting\OCC\OCC.Client\OCC.WpfClient\OCC.WpfClient.csproj]
C:\Users\Neil\source\repos\NeilKetting\OCC\OCC.Client\OCC.WpfClient\Features\ProjectHub\Views\ProjectSpecificDashboardView.xaml(18,128): error MC3072: The property 'LetterSpacing' does not exist in XML namespace 'http://schemas.microsoft.com/winfx/2006/xaml/presentation'. Line 18 Position 128. [C:\Users\Neil\source\repos\NeilKetting\OCC\OCC.Client\OCC.WpfClient\OCC.WpfClient.csproj]
C:\Users\Neil\source\repos\NeilKetting\OCC\OCC.Client\OCC.WpfClient\Features\ProjectHub\Views\ProjectsView.xaml(142,38): error MC4004: Style cannot contain child 'MouseBinding'. Style child must be a Setter because it is added to the Setters collection. Line 142 Position 38. [C:\Users\Neil\source\repos\NeilKetting\OCC\OCC.Client\OCC.WpfClient\OCC.WpfClient.csproj]
    0 Warning(s)
    3 Error(s)

Time Elapsed 00:00:01.00

Workload updates are available. Run `dotnet workload list` for more information.
