  Determining projects to restore...
  All projects are up-to-date for restore.
  OCC.Shared -> C:\Users\Neil\source\repos\NeilKetting\OCC\OCC.Shared\bin\Debug\net9.0\OCC.Shared.dll
  Avalonia Accelerate Community requires telemetry. To opt out, please upgrade to a paid tier. Learn more: https://avaloniaui.net/accelerate/
C:\Users\Neil\source\repos\NeilKetting\OCC\OCC.Client\OCC.Client\Features\OrdersHub\ViewModels\OrderLinesViewModel.cs(267,92): error CS0103: The name 'ProductSearchText' does not exist in the current context [C:\Users\Neil\source\repos\NeilKetting\OCC\OCC.Client\OCC.Client\OCC.Client.csproj]
C:\Users\Neil\source\repos\NeilKetting\OCC\OCC.Client\OCC.Client\Features\OrdersHub\ViewModels\OrderLinesViewModel.cs(269,29): error CS0103: The name 'FilteredInventoryItemsByName' does not exist in the current context [C:\Users\Neil\source\repos\NeilKetting\OCC\OCC.Client\OCC.Client\OCC.Client.csproj]
C:\Users\Neil\source\repos\NeilKetting\OCC\OCC.Client\OCC.Client\Features\OrdersHub\ViewModels\OrderLinesViewModel.cs(275,17): error CS0103: The name 'ProductSearchText' does not exist in the current context [C:\Users\Neil\source\repos\NeilKetting\OCC\OCC.Client\OCC.Client\OCC.Client.csproj]

Build FAILED.

C:\Users\Neil\source\repos\NeilKetting\OCC\OCC.Client\OCC.Client\Features\OrdersHub\ViewModels\OrderLinesViewModel.cs(267,92): error CS0103: The name 'ProductSearchText' does not exist in the current context [C:\Users\Neil\source\repos\NeilKetting\OCC\OCC.Client\OCC.Client\OCC.Client.csproj]
C:\Users\Neil\source\repos\NeilKetting\OCC\OCC.Client\OCC.Client\Features\OrdersHub\ViewModels\OrderLinesViewModel.cs(269,29): error CS0103: The name 'FilteredInventoryItemsByName' does not exist in the current context [C:\Users\Neil\source\repos\NeilKetting\OCC\OCC.Client\OCC.Client\OCC.Client.csproj]
C:\Users\Neil\source\repos\NeilKetting\OCC\OCC.Client\OCC.Client\Features\OrdersHub\ViewModels\OrderLinesViewModel.cs(275,17): error CS0103: The name 'ProductSearchText' does not exist in the current context [C:\Users\Neil\source\repos\NeilKetting\OCC\OCC.Client\OCC.Client\OCC.Client.csproj]
    0 Warning(s)
    3 Error(s)

Time Elapsed 00:00:01.83
